# Test Output Log (Canonical)

This is the canonical test output log, moved from mondrian/test/test_output.log as part of project consolidation. All output is preserved.

[...existing content from mondrian/test/test_output.log...]
