======================================================================
🚀 MONDRIAN E2E iOS TEST SUITE
======================================================================
📋 Checking service health...
  ✅ Job Service (:5005) - healthy
  ✅ AI Advisor (:5100) - healthy
  ✅ Summary Service (:5200) - healthy

🔷 Test 1: Image Upload & Job Creation
  ❌ Upload failed: 404 - <!doctype html>
<html lang=en>
<title>404 Not Found</title>
<h1>Not Found</h1>
<p>The requested URL was not found on the server. If you entered the URL manually please check your spelling and try agai

❌ Failed to upload image
